rm -f results.xml
"make" -f research/week13/pure_random/rtl/Makefile results.xml
make[1]: Entering directory '/home/logan/nckh/risc-v-pipeline'
rm -f results.xml
MODULE=test_m1_pilot TESTCASE= TOPLEVEL=adaptive_execution_stream_tb TOPLEVEL_LANG=verilog \
         /home/logan/nckh/risc-v-pipeline/sim_build/week13_pure_random_rtl_smoke/Vtop    
     -.--ns INFO     gpi                                ..mbed/gpi_embed.cpp:79   in set_program_name_in_venv        Did not detect Python virtual environment. Using system-wide Python interpreter
     -.--ns INFO     gpi                                ../gpi/GpiCommon.cpp:101  in gpi_print_registered_impl       VPI registered
     0.00ns INFO     cocotb                             Running on Verilator version 5.034 2025-02-24
     0.00ns INFO     cocotb                             Running tests with cocotb v1.9.2 from /home/logan/.local/lib/python3.10/site-packages/cocotb
     0.00ns INFO     cocotb                             Seeding Python random module with 1790598906
     0.00ns INFO     cocotb.regression                  Found test test_m1_pilot.test_m1_pilot_exact_cut_10000
     0.00ns INFO     cocotb.regression                  running test_m1_pilot_exact_cut_10000 (1/1)
170634.00ns INFO     ..otb.adaptive_execution_stream_tb W13_M1_PILOT_RESULT status=COMPLETED seed=11001 accepted=10000 retired=9999 in_flight=1 cycles=13891 stalls=29 flushes=1931 released_entries=6863 refill_pauses=3298 patched_words=13862 patch_reuses=13734 max_resident_words=128 l1_intent=16 l1_validated=16 l2_intent=60 l2_validated=60 wall_ns=7456944477 accepted_per_s=1341.03 cycles_per_s=1862.83 peak_rss_kib=45080 peak_rss_start_kib=35980 checkpoints=10 plan_hash=f77c00eab3636c4ce89c4d882d254d0af85f8515f641c29268226e27ac6a329a telemetry=/tmp/w13_m1_v2_official_c293cc8/results/m1_seed_11001.json
170634.00ns INFO     cocotb.regression                  test_m1_pilot_exact_cut_10000 passed
170634.00ns INFO     cocotb.regression                  *****************************************************************************************************
                                                        ** TEST                                         STATUS  SIM TIME (ns)  REAL TIME (s)  RATIO (ns/s) **
                                                        *****************************************************************************************************
                                                        ** test_m1_pilot.test_m1_pilot_exact_cut_10000   PASS      170634.00           7.60      22466.57  **
                                                        *****************************************************************************************************
                                                        ** TESTS=1 PASS=1 FAIL=0 SKIP=0                            170634.00           7.78      21929.65  **
                                                        *****************************************************************************************************
                                                        
- :0: Verilog $finish
make[1]: Leaving directory '/home/logan/nckh/risc-v-pipeline'
