rm -f results.xml
"make" -f research/week13/pure_random/rtl/Makefile results.xml
make[1]: Entering directory '/home/logan/nckh/risc-v-pipeline'
rm -f results.xml
MODULE=test_m1_pilot TESTCASE= TOPLEVEL=adaptive_execution_stream_tb TOPLEVEL_LANG=verilog \
         /home/logan/nckh/risc-v-pipeline/sim_build/week13_pure_random_rtl_smoke/Vtop    
     -.--ns INFO     gpi                                ..mbed/gpi_embed.cpp:79   in set_program_name_in_venv        Did not detect Python virtual environment. Using system-wide Python interpreter
     -.--ns INFO     gpi                                ../gpi/GpiCommon.cpp:101  in gpi_print_registered_impl       VPI registered
     0.00ns INFO     cocotb                             Running on Verilator version 5.034 2025-02-24
     0.00ns INFO     cocotb                             Running tests with cocotb v1.9.2 from /home/logan/.local/lib/python3.10/site-packages/cocotb
     0.00ns INFO     cocotb                             Seeding Python random module with 1790598916
     0.00ns INFO     cocotb.regression                  Found test test_m1_pilot.test_m1_pilot_exact_cut_10000
     0.00ns INFO     cocotb.regression                  running test_m1_pilot_exact_cut_10000 (1/1)
170241.00ns INFO     ..otb.adaptive_execution_stream_tb W13_M1_PILOT_RESULT status=COMPLETED seed=11002 accepted=10000 retired=9997 in_flight=3 cycles=13861 stalls=19 flushes=1921 released_entries=6915 refill_pauses=3309 patched_words=13842 patch_reuses=13714 max_resident_words=128 l1_intent=18 l1_validated=18 l2_intent=62 l2_validated=62 wall_ns=7354873945 accepted_per_s=1359.64 cycles_per_s=1884.60 peak_rss_kib=45116 peak_rss_start_kib=35972 checkpoints=10 plan_hash=87f5529359d0b9e142cb4083c3ba5d1a7aec0bf19582885d36733649cd3af103 telemetry=/tmp/w13_m1_v2_official_c293cc8/results/m1_seed_11002.json
170241.00ns INFO     cocotb.regression                  test_m1_pilot_exact_cut_10000 passed
170241.00ns INFO     cocotb.regression                  *****************************************************************************************************
                                                        ** TEST                                         STATUS  SIM TIME (ns)  REAL TIME (s)  RATIO (ns/s) **
                                                        *****************************************************************************************************
                                                        ** test_m1_pilot.test_m1_pilot_exact_cut_10000   PASS      170241.00           7.49      22739.76  **
                                                        *****************************************************************************************************
                                                        ** TESTS=1 PASS=1 FAIL=0 SKIP=0                            170241.00           7.59      22421.76  **
                                                        *****************************************************************************************************
                                                        
- :0: Verilog $finish
make[1]: Leaving directory '/home/logan/nckh/risc-v-pipeline'
