rm -f results.xml
"make" -f Makefile results.xml
make[1]: Entering directory '/home/logan/nckh/RISC-V-Pipeline/research/week5/preflight'
rm -f results.xml
MODULE=test_throughput TESTCASE=test_baseline TOPLEVEL=week4_counter TOPLEVEL_LANG=verilog \
         sim_build/Vtop
     -.--ns INFO     gpi                                ..mbed/gpi_embed.cpp:79   in set_program_name_in_venv        Did not detect Python virtual environment. Using system-wide Python interpreter
     -.--ns INFO     gpi                                ../gpi/GpiCommon.cpp:101  in gpi_print_registered_impl       VPI registered
     0.00ns INFO     cocotb                             Running on Verilator version 5.034 2025-02-24
     0.00ns INFO     cocotb                             Running tests with cocotb v1.9.2 from /home/logan/.local/lib/python3.10/site-packages/cocotb
     0.00ns INFO     cocotb                             Seeding Python random module with 1789805189
     0.00ns INFO     cocotb.regression                  Found test test_throughput.test_baseline
     0.00ns INFO     cocotb.regression                  running test_baseline (1/1)
                                                          Verilator+Cocotb baseline.

                                                          One coroutine wake-up per rising edge.
                                                          No signal monitor/read is executed inside the measurement loop.
THROUGHPUT_RESULT mode=baseline cycles=100000 wall_s=5.322683 cycles_per_s=18787.518
1000020.00ns INFO     cocotb.regression                  test_baseline passed
1000020.00ns INFO     cocotb.regression                  ***************************************************************************************
                                                         ** TEST                           STATUS  SIM TIME (ns)  REAL TIME (s)  RATIO (ns/s) **
                                                         ***************************************************************************************
                                                         ** test_throughput.test_baseline   PASS     1000020.00           5.32     187850.41  **
                                                         ***************************************************************************************
                                                         ** TESTS=1 PASS=1 FAIL=0 SKIP=0             1000020.00           5.36     186406.78  **
                                                         ***************************************************************************************

-Info: /home/logan/nckh/RISC-V-Pipeline/tests/week4_counter.sv:19: $dumpvar ignored, as Verilated without --trace
- :0: Verilog $finish
make[1]: Leaving directory '/home/logan/nckh/RISC-V-Pipeline/research/week5/preflight'
