rm -f results.xml
"make" -f Makefile results.xml
make[1]: Entering directory '/home/logan/nckh/RISC-V-Pipeline/research/week5/preflight'
mkdir -p sim_build
/usr/local/bin/verilator -cc --exe -Mdir sim_build -DCOCOTB_SIM=1 --top-module week4_counter --timescale 1ns/1ps --vpi --public-flat-rw --prefix Vtop -o Vtop -LDFLAGS "-Wl,-rpath,/home/logan/.local/lib/python3.10/site-packages/cocotb/libs -L/home/logan/.local/lib/python3.10/site-packages/cocotb/libs -lcocotbvpi_verilator"  /home/logan/nckh/RISC-V-Pipeline/tests/week4_counter.sv /home/logan/.local/lib/python3.10/site-packages/cocotb/share/lib/verilator/verilator.cpp
- V e r i l a t i o n   R e p o r t: Verilator 5.034 2025-02-24 rev v5.034
- Verilator: Built from 0.022 MB sources in 2 modules, into 0.030 MB in 8 C++ files needing 0.000 MB
- Verilator: Walltime 0.025 s (elab=0.003, cvt=0.009, bld=0.000); cpu 0.010 s on 1 threads; alloced 9.039 MB
make -C sim_build  -f Vtop.mk
make[2]: Entering directory '/home/logan/nckh/RISC-V-Pipeline/research/week5/preflight/sim_build'
ccache g++  -I.  -MMD -I/usr/local/share/verilator/include -I/usr/local/share/verilator/include/vltstd -DVM_COVERAGE=0 -DVM_SC=0 -DVM_TIMING=0 -DVM_TRACE=0 -DVM_TRACE_FST=0 -DVM_TRACE_VCD=0 -faligned-new -fcf-protection=none -Wno-bool-operation -Wno-shadow -Wno-sign-compare -Wno-subobject-linkage -Wno-tautological-compare -Wno-uninitialized -Wno-unused-but-set-parameter -Wno-unused-but-set-variable -Wno-unused-parameter -Wno-unused-variable      -Os  -c -o verilator.o /home/logan/.local/lib/python3.10/site-packages/cocotb/share/lib/verilator/verilator.cpp
ccache g++ -Os  -I.  -MMD -I/usr/local/share/verilator/include -I/usr/local/share/verilator/include/vltstd -DVM_COVERAGE=0 -DVM_SC=0 -DVM_TIMING=0 -DVM_TRACE=0 -DVM_TRACE_FST=0 -DVM_TRACE_VCD=0 -faligned-new -fcf-protection=none -Wno-bool-operation -Wno-shadow -Wno-sign-compare -Wno-subobject-linkage -Wno-tautological-compare -Wno-uninitialized -Wno-unused-but-set-parameter -Wno-unused-but-set-variable -Wno-unused-parameter -Wno-unused-variable      -c -o verilated.o /usr/local/share/verilator/include/verilated.cpp
ccache g++ -Os  -I.  -MMD -I/usr/local/share/verilator/include -I/usr/local/share/verilator/include/vltstd -DVM_COVERAGE=0 -DVM_SC=0 -DVM_TIMING=0 -DVM_TRACE=0 -DVM_TRACE_FST=0 -DVM_TRACE_VCD=0 -faligned-new -fcf-protection=none -Wno-bool-operation -Wno-shadow -Wno-sign-compare -Wno-subobject-linkage -Wno-tautological-compare -Wno-uninitialized -Wno-unused-but-set-parameter -Wno-unused-but-set-variable -Wno-unused-parameter -Wno-unused-variable      -c -o verilated_dpi.o /usr/local/share/verilator/include/verilated_dpi.cpp
ccache g++ -Os  -I.  -MMD -I/usr/local/share/verilator/include -I/usr/local/share/verilator/include/vltstd -DVM_COVERAGE=0 -DVM_SC=0 -DVM_TIMING=0 -DVM_TRACE=0 -DVM_TRACE_FST=0 -DVM_TRACE_VCD=0 -faligned-new -fcf-protection=none -Wno-bool-operation -Wno-shadow -Wno-sign-compare -Wno-subobject-linkage -Wno-tautological-compare -Wno-uninitialized -Wno-unused-but-set-parameter -Wno-unused-but-set-variable -Wno-unused-parameter -Wno-unused-variable      -c -o verilated_vpi.o /usr/local/share/verilator/include/verilated_vpi.cpp
ccache g++ -Os  -I.  -MMD -I/usr/local/share/verilator/include -I/usr/local/share/verilator/include/vltstd -DVM_COVERAGE=0 -DVM_SC=0 -DVM_TIMING=0 -DVM_TRACE=0 -DVM_TRACE_FST=0 -DVM_TRACE_VCD=0 -faligned-new -fcf-protection=none -Wno-bool-operation -Wno-shadow -Wno-sign-compare -Wno-subobject-linkage -Wno-tautological-compare -Wno-uninitialized -Wno-unused-but-set-parameter -Wno-unused-but-set-variable -Wno-unused-parameter -Wno-unused-variable      -c -o verilated_threads.o /usr/local/share/verilator/include/verilated_threads.cpp
python3 /usr/local/share/verilator/bin/verilator_includer -DVL_INCLUDE_OPT=include Vtop.cpp Vtop___024root__DepSet_h84412442__0.cpp Vtop___024root__DepSet_heccd7ead__0.cpp Vtop__Dpi.cpp Vtop___024root__Slow.cpp Vtop___024root__DepSet_h84412442__0__Slow.cpp Vtop___024root__DepSet_heccd7ead__0__Slow.cpp Vtop__Syms.cpp > Vtop__ALL.cpp
ccache g++ -Os  -I.  -MMD -I/usr/local/share/verilator/include -I/usr/local/share/verilator/include/vltstd -DVM_COVERAGE=0 -DVM_SC=0 -DVM_TIMING=0 -DVM_TRACE=0 -DVM_TRACE_FST=0 -DVM_TRACE_VCD=0 -faligned-new -fcf-protection=none -Wno-bool-operation -Wno-shadow -Wno-sign-compare -Wno-subobject-linkage -Wno-tautological-compare -Wno-uninitialized -Wno-unused-but-set-parameter -Wno-unused-but-set-variable -Wno-unused-parameter -Wno-unused-variable      -c -o Vtop__ALL.o Vtop__ALL.cpp
echo "" > Vtop__ALL.verilator_deplist.tmp
g++    verilator.o verilated.o verilated_dpi.o verilated_vpi.o verilated_threads.o Vtop__ALL.a   -Wl,-rpath,/home/logan/.local/lib/python3.10/site-packages/cocotb/libs -L/home/logan/.local/lib/python3.10/site-packages/cocotb/libs -lcocotbvpi_verilator  -pthread -lpthread -latomic   -o Vtop
rm Vtop__ALL.verilator_deplist.tmp
make[2]: Leaving directory '/home/logan/nckh/RISC-V-Pipeline/research/week5/preflight/sim_build'
rm -f results.xml
MODULE=test_throughput TESTCASE=test_baseline TOPLEVEL=week4_counter TOPLEVEL_LANG=verilog \
         sim_build/Vtop
     -.--ns INFO     gpi                                ..mbed/gpi_embed.cpp:79   in set_program_name_in_venv        Did not detect Python virtual environment. Using system-wide Python interpreter
     -.--ns INFO     gpi                                ../gpi/GpiCommon.cpp:101  in gpi_print_registered_impl       VPI registered
     0.00ns INFO     cocotb                             Running on Verilator version 5.034 2025-02-24
     0.00ns INFO     cocotb                             Running tests with cocotb v1.9.2 from /home/logan/.local/lib/python3.10/site-packages/cocotb
     0.00ns INFO     cocotb                             Seeding Python random module with 1789805180
     0.00ns INFO     cocotb.regression                  Found test test_throughput.test_baseline
     0.00ns INFO     cocotb.regression                  running test_baseline (1/1)
                                                          Verilator+Cocotb baseline.

                                                          One coroutine wake-up per rising edge.
                                                          No signal monitor/read is executed inside the measurement loop.
THROUGHPUT_RESULT mode=baseline cycles=100000 wall_s=5.963437 cycles_per_s=16768.853
1000020.00ns INFO     cocotb.regression                  test_baseline passed
1000020.00ns INFO     cocotb.regression                  ***************************************************************************************
                                                         ** TEST                           STATUS  SIM TIME (ns)  REAL TIME (s)  RATIO (ns/s) **
                                                         ***************************************************************************************
                                                         ** test_throughput.test_baseline   PASS     1000020.00           5.96     167665.55  **
                                                         ***************************************************************************************
                                                         ** TESTS=1 PASS=1 FAIL=0 SKIP=0             1000020.00           6.05     165403.76  **
                                                         ***************************************************************************************

-Info: /home/logan/nckh/RISC-V-Pipeline/tests/week4_counter.sv:19: $dumpvar ignored, as Verilated without --trace
- :0: Verilog $finish
make[1]: Leaving directory '/home/logan/nckh/RISC-V-Pipeline/research/week5/preflight'
