rm -f results.xml
"make" -f Makefile results.xml
make[1]: Entering directory '/home/logan/nckh/RISC-V-Pipeline/research/week5/preflight'
rm -f results.xml
MODULE=test_throughput TESTCASE=test_simple_monitor TOPLEVEL=week4_counter TOPLEVEL_LANG=verilog \
         sim_build/Vtop
     -.--ns INFO     gpi                                ..mbed/gpi_embed.cpp:79   in set_program_name_in_venv        Did not detect Python virtual environment. Using system-wide Python interpreter
     -.--ns INFO     gpi                                ../gpi/GpiCommon.cpp:101  in gpi_print_registered_impl       VPI registered
     0.00ns INFO     cocotb                             Running on Verilator version 5.034 2025-02-24
     0.00ns INFO     cocotb                             Running tests with cocotb v1.9.2 from /home/logan/.local/lib/python3.10/site-packages/cocotb
     0.00ns INFO     cocotb                             Seeding Python random module with 1789805213
     0.00ns INFO     cocotb.regression                  Found test test_throughput.test_simple_monitor
     0.00ns INFO     cocotb.regression                  running test_simple_monitor (1/1)
                                                          Baseline plus one settled signal observation per cycle.

                                                          This approximates the incremental scheduler/read overhead of a
                                                          simple Cocotb monitor without per-cycle disk or console logging.
THROUGHPUT_RESULT mode=simple_monitor cycles=100000 wall_s=7.821992 cycles_per_s=12784.467
1000020.00ns INFO     cocotb.regression                  test_simple_monitor passed
1000020.00ns INFO     cocotb.regression                  *********************************************************************************************
                                                         ** TEST                                 STATUS  SIM TIME (ns)  REAL TIME (s)  RATIO (ns/s) **
                                                         *********************************************************************************************
                                                         ** test_throughput.test_simple_monitor   PASS     1000020.00           7.82     127832.05  **
                                                         *********************************************************************************************
                                                         ** TESTS=1 PASS=1 FAIL=0 SKIP=0                   1000020.00           7.86     127164.35  **
                                                         *********************************************************************************************

-Info: /home/logan/nckh/RISC-V-Pipeline/tests/week4_counter.sv:19: $dumpvar ignored, as Verilated without --trace
- :0: Verilog $finish
make[1]: Leaving directory '/home/logan/nckh/RISC-V-Pipeline/research/week5/preflight'
