rm -f results.xml
"make" -f research/week9/benchmark/Makefile results.xml
make[1]: Entering directory '/home/logan/nckh/RISC-V-Pipeline'
rm -f results.xml
MODULE=test_week9_benchmark TESTCASE= TOPLEVEL=execution_stream_tb TOPLEVEL_LANG=verilog \
         /home/logan/nckh/RISC-V-Pipeline/sim_build/week9_benchmark/Vtop
     -.--ns INFO     gpi                                ..mbed/gpi_embed.cpp:79   in set_program_name_in_venv        Did not detect Python virtual environment. Using system-wide Python interpreter
     -.--ns INFO     gpi                                ../gpi/GpiCommon.cpp:101  in gpi_print_registered_impl       VPI registered
     0.00ns INFO     cocotb                             Running on Verilator version 5.034 2025-02-24
     0.00ns INFO     cocotb                             Running tests with cocotb v1.9.2 from /home/logan/.local/lib/python3.10/site-packages/cocotb
     0.00ns INFO     cocotb                             Seeding Python random module with 1789922585
     0.00ns INFO     cocotb.regression                  Found test test_week9_benchmark.test_week9_streaming_benchmark
     0.00ns INFO     cocotb.regression                  running test_week9_streaming_benchmark (1/1)
1058850.00ns INFO     cocotb.execution_stream_tb         WEEK9_L2_CLOSURE_RESULT executed=100000 intent=62/62 validated=62/62 n95_validated=31 n100_validated=33 tail_new_validated=0 tail_rate_validated=0.0 max_l2_pending=6 max_l2_arch_cache=6 max_recent_events=2 functional_failures=0 performance_failures=0
1058850.00ns INFO     cocotb.execution_stream_tb         WEEK9_BENCHMARK_RESULT cycles=105882 instructions=100000 wall_s=67.698855 cycles_per_s=1564.015 instructions_per_s=1477.130 first_half_cps=1581.820 second_half_cps=1541.327 throughput_degradation_pct=2.560 rss_start_kib=34636 rss_mid_kib=35340 rss_end_kib=35340 rss_mid_delta_kib=704 rss_end_delta_kib=704 max_perf_pending=3 max_functional_pending=3 functional_failures=0 performance_failures=0 l1_intent=3 l2_intent=62 l2_validated=62 max_l2_pending=6 max_l2_arch_cache=6 max_recent_events=2 checkpoints=100 slowdown_vs_t5_minimal_pct=91.244 slowdown_vs_t5_monitor_pct=88.767 est_100k_cycles_s=63.938 est_100k_instr_s=67.699
1058850.00ns INFO     cocotb.regression                  test_week9_streaming_benchmark passed
1058850.00ns INFO     cocotb.regression                  *************************************************************************************************************
                                                         ** TEST                                                 STATUS  SIM TIME (ns)  REAL TIME (s)  RATIO (ns/s) **
                                                         *************************************************************************************************************
                                                         ** test_week9_benchmark.test_week9_streaming_benchmark   PASS     1058850.00          67.70      15639.92  **
                                                         *************************************************************************************************************
                                                         ** TESTS=1 PASS=1 FAIL=0 SKIP=0                                   1058850.00          67.83      15609.54  **
                                                         *************************************************************************************************************

- :0: Verilog $finish
make[1]: Leaving directory '/home/logan/nckh/RISC-V-Pipeline'
