make: Entering directory '/home/logan/nckh/risc-v-pipeline/research/week15/rtl'
rm -f /tmp/week15_t15_repro_qualification_attempt_003/66b36f0b0ad3cba3e44d1441b9cf7f14a73c7508/seed_15002_n_10000_rep_B/results.xml
"make" -f Makefile /tmp/week15_t15_repro_qualification_attempt_003/66b36f0b0ad3cba3e44d1441b9cf7f14a73c7508/seed_15002_n_10000_rep_B/results.xml
make[1]: Entering directory '/home/logan/nckh/risc-v-pipeline/research/week15/rtl'
rm -f /tmp/week15_t15_repro_qualification_attempt_003/66b36f0b0ad3cba3e44d1441b9cf7f14a73c7508/seed_15002_n_10000_rep_B/results.xml
MODULE=test_adaptive_reproducibility TESTCASE= TOPLEVEL=adaptive_execution_stream_tb TOPLEVEL_LANG=verilog \
         /tmp/week15_t15_repro_qualification_attempt_003/66b36f0b0ad3cba3e44d1441b9cf7f14a73c7508/sim_build/Vtop    
     -.--ns INFO     gpi                                ..mbed/gpi_embed.cpp:79   in set_program_name_in_venv        Did not detect Python virtual environment. Using system-wide Python interpreter
     -.--ns INFO     gpi                                ../gpi/GpiCommon.cpp:101  in gpi_print_registered_impl       VPI registered
     0.00ns INFO     cocotb                             Running on Verilator version 5.034 2025-02-24
     0.00ns INFO     cocotb                             Running tests with cocotb v1.9.2 from /home/logan/.local/lib/python3.10/site-packages/cocotb
     0.00ns INFO     cocotb                             Seeding Python random module with 1790739172
     0.00ns INFO     cocotb.regression                  Found test test_adaptive_reproducibility.test_adaptive_reproducibility_exact_cut
     0.00ns INFO     cocotb.regression                  running test_adaptive_reproducibility_exact_cut (1/1)
                                                          Week-15 Adaptive-CGS reproducibility qualification harness.
                                                          
                                                          Runtime configuration is restricted to the frozen
                                                          Week-13 adaptive-pilot hyperparameter grid.
                                                          
                                                          Qualifies:
                                                            - frozen production Adaptive generator/runtime;
                                                            - read-only planned-stream prevalidation;
                                                            - full functional/performance checker stack;
                                                            - L1/L2 Intent + Validated;
                                                            - common CampaignCutDriver lifecycle;
                                                            - bounded IMEM streaming/refill;
                                                            - multi-epoch adaptive continuity;
                                                            - exact N=10000 accepted hard cap.
%Warning: instruction.hex:0: $readmem file not found
%Warning: instruction.hex:0: $readmem file not found
%Warning: instruction.hex:0: $readmem file not found
%Warning: instruction.hex:0: $readmem file not found
%Warning: data.hex:0: $readmem file not found
%Warning: data.hex:0: $readmem file not found
%Warning: data.hex:0: $readmem file not found
%Warning: data.hex:0: $readmem file not found
124092.00ns INFO     ..otb.adaptive_execution_stream_tb W15_ADAPTIVE_REPRO_RESULT status=COMPLETED seed=15002 epsilon=0.10 alpha=0.5 batch=500 accepted=10000 retired=9997 in_flight=3 cycles=10000 stalls=0 flushes=0 epochs=20 refills=1983 max_resident_words=126 l1_intent=4 l1_validated=4 l2_intent=39 l2_validated=39 auc=0.312096774 wall_ns=6554732315 accepted_per_s=1525.62 cycles_per_s=1525.62 peak_rss_kib=38968 checkpoints=10 telemetry=/tmp/week15_t15_repro_qualification_attempt_003/66b36f0b0ad3cba3e44d1441b9cf7f14a73c7508/seed_15002_n_10000_rep_B/adaptive_repro_e0.10_a0.5_b500_seed_15002_n_10000_rep_B.json
124092.00ns INFO     cocotb.regression                  test_adaptive_reproducibility_exact_cut passed
124092.00ns INFO     cocotb.regression                  *******************************************************************************************************************************
                                                        ** TEST                                                                   STATUS  SIM TIME (ns)  REAL TIME (s)  RATIO (ns/s) **
                                                        *******************************************************************************************************************************
                                                        ** test_adaptive_reproducibility.test_adaptive_reproducibility_exact_cut   PASS      124092.00           6.58      18857.90  **
                                                        *******************************************************************************************************************************
                                                        ** TESTS=1 PASS=1 FAIL=0 SKIP=0                                                      124092.00           6.74      18420.15  **
                                                        *******************************************************************************************************************************
                                                        
- :0: Verilog $finish
make[1]: Leaving directory '/home/logan/nckh/risc-v-pipeline/research/week15/rtl'
make: Leaving directory '/home/logan/nckh/risc-v-pipeline/research/week15/rtl'
