make: Entering directory '/home/logan/nckh/risc-v-pipeline/research/week15/rtl'
rm -f /tmp/week15_t15_repro_qualification_attempt_003/66b36f0b0ad3cba3e44d1441b9cf7f14a73c7508/seed_15003_n_100000_rep_A/results.xml
"make" -f Makefile /tmp/week15_t15_repro_qualification_attempt_003/66b36f0b0ad3cba3e44d1441b9cf7f14a73c7508/seed_15003_n_100000_rep_A/results.xml
make[1]: Entering directory '/home/logan/nckh/risc-v-pipeline/research/week15/rtl'
rm -f /tmp/week15_t15_repro_qualification_attempt_003/66b36f0b0ad3cba3e44d1441b9cf7f14a73c7508/seed_15003_n_100000_rep_A/results.xml
MODULE=test_adaptive_reproducibility TESTCASE= TOPLEVEL=adaptive_execution_stream_tb TOPLEVEL_LANG=verilog \
         /tmp/week15_t15_repro_qualification_attempt_003/66b36f0b0ad3cba3e44d1441b9cf7f14a73c7508/sim_build/Vtop    
     -.--ns INFO     gpi                                ..mbed/gpi_embed.cpp:79   in set_program_name_in_venv        Did not detect Python virtual environment. Using system-wide Python interpreter
     -.--ns INFO     gpi                                ../gpi/GpiCommon.cpp:101  in gpi_print_registered_impl       VPI registered
     0.00ns INFO     cocotb                             Running on Verilator version 5.034 2025-02-24
     0.00ns INFO     cocotb                             Running tests with cocotb v1.9.2 from /home/logan/.local/lib/python3.10/site-packages/cocotb
     0.00ns INFO     cocotb                             Seeding Python random module with 1790739181
     0.00ns INFO     cocotb.regression                  Found test test_adaptive_reproducibility.test_adaptive_reproducibility_exact_cut
     0.00ns INFO     cocotb.regression                  running test_adaptive_reproducibility_exact_cut (1/1)
                                                          Week-15 Adaptive-CGS reproducibility qualification harness.
                                                          
                                                          Runtime configuration is restricted to the frozen
                                                          Week-13 adaptive-pilot hyperparameter grid.
                                                          
                                                          Qualifies:
                                                            - frozen production Adaptive generator/runtime;
                                                            - read-only planned-stream prevalidation;
                                                            - full functional/performance checker stack;
                                                            - L1/L2 Intent + Validated;
                                                            - common CampaignCutDriver lifecycle;
                                                            - bounded IMEM streaming/refill;
                                                            - multi-epoch adaptive continuity;
                                                            - exact N=10000 accepted hard cap.
%Warning: instruction.hex:0: $readmem file not found
%Warning: instruction.hex:0: $readmem file not found
%Warning: instruction.hex:0: $readmem file not found
%Warning: instruction.hex:0: $readmem file not found
%Warning: data.hex:0: $readmem file not found
%Warning: data.hex:0: $readmem file not found
%Warning: data.hex:0: $readmem file not found
%Warning: data.hex:0: $readmem file not found
1367661.00ns INFO     cocotb.regression                  test_adaptive_reproducibility_exact_cut failed
                                                         Traceback (most recent call last):
                                                           File "/home/logan/nckh/risc-v-pipeline/research/week15/rtl/test_adaptive_reproducibility.py", line 2836, in test_adaptive_reproducibility_exact_cut
                                                             normalized_l2_intent_auc(
                                                           File "/home/logan/nckh/risc-v-pipeline/research/week13/adaptive/pilot_metrics.py", line 110, in normalized_l2_intent_auc
                                                             raise ValueError(
                                                         ValueError: checkpoint count does not match the frozen integration grid
1367661.00ns INFO     cocotb.regression                  *******************************************************************************************************************************
                                                         ** TEST                                                                   STATUS  SIM TIME (ns)  REAL TIME (s)  RATIO (ns/s) **
                                                         *******************************************************************************************************************************
                                                         ** test_adaptive_reproducibility.test_adaptive_reproducibility_exact_cut   FAIL     1367661.00          58.89      23223.60  **
                                                         *******************************************************************************************************************************
                                                         ** TESTS=1 PASS=0 FAIL=1 SKIP=0                                                     1367661.00          59.08      23149.67  **
                                                         *******************************************************************************************************************************
                                                         
- :0: Verilog $finish
make[1]: Leaving directory '/home/logan/nckh/risc-v-pipeline/research/week15/rtl'
make: Leaving directory '/home/logan/nckh/risc-v-pipeline/research/week15/rtl'
