make: Entering directory '/home/logan/nckh/risc-v-pipeline/research/week15/rtl'
rm -f /tmp/week15_t15_repro_qualification_attempt_004/f20effb72167f78a61b97ae7032b62e377cea4e4/seed_15003_n_100000_rep_B/results.xml
"make" -f Makefile /tmp/week15_t15_repro_qualification_attempt_004/f20effb72167f78a61b97ae7032b62e377cea4e4/seed_15003_n_100000_rep_B/results.xml
make[1]: Entering directory '/home/logan/nckh/risc-v-pipeline/research/week15/rtl'
rm -f /tmp/week15_t15_repro_qualification_attempt_004/f20effb72167f78a61b97ae7032b62e377cea4e4/seed_15003_n_100000_rep_B/results.xml
MODULE=test_adaptive_reproducibility TESTCASE= TOPLEVEL=adaptive_execution_stream_tb TOPLEVEL_LANG=verilog \
         /tmp/week15_t15_repro_qualification_attempt_004/f20effb72167f78a61b97ae7032b62e377cea4e4/sim_build/Vtop    
     -.--ns INFO     gpi                                ..mbed/gpi_embed.cpp:79   in set_program_name_in_venv        Did not detect Python virtual environment. Using system-wide Python interpreter
     -.--ns INFO     gpi                                ../gpi/GpiCommon.cpp:101  in gpi_print_registered_impl       VPI registered
     0.00ns INFO     cocotb                             Running on Verilator version 5.034 2025-02-24
     0.00ns INFO     cocotb                             Running tests with cocotb v1.9.2 from /home/logan/.local/lib/python3.10/site-packages/cocotb
     0.00ns INFO     cocotb                             Seeding Python random module with 1790740156
     0.00ns INFO     cocotb.regression                  Found test test_adaptive_reproducibility.test_adaptive_reproducibility_exact_cut
     0.00ns INFO     cocotb.regression                  running test_adaptive_reproducibility_exact_cut (1/1)
                                                          Week-15 Adaptive-CGS reproducibility qualification harness.
                                                          
                                                          Runtime configuration is restricted to the frozen
                                                          Week-13 adaptive-pilot hyperparameter grid.
                                                          
                                                          Qualifies:
                                                            - frozen production Adaptive generator/runtime;
                                                            - read-only planned-stream prevalidation;
                                                            - full functional/performance checker stack;
                                                            - L1/L2 Intent + Validated;
                                                            - common CampaignCutDriver lifecycle;
                                                            - bounded IMEM streaming/refill;
                                                            - multi-epoch adaptive continuity;
                                                            - exact N=10000 accepted hard cap.
%Warning: instruction.hex:0: $readmem file not found
%Warning: instruction.hex:0: $readmem file not found
%Warning: instruction.hex:0: $readmem file not found
%Warning: instruction.hex:0: $readmem file not found
%Warning: data.hex:0: $readmem file not found
%Warning: data.hex:0: $readmem file not found
%Warning: data.hex:0: $readmem file not found
%Warning: data.hex:0: $readmem file not found
1367661.00ns INFO     ..otb.adaptive_execution_stream_tb W15_ADAPTIVE_REPRO_RESULT status=COMPLETED seed=15003 epsilon=0.10 alpha=0.5 batch=500 accepted=100000 retired=99997 in_flight=3 cycles=111340 stalls=8000 flushes=1670 epochs=200 refills=18519 max_resident_words=126 l1_intent=16 l1_validated=16 l2_intent=62 l2_validated=62 auc=0.836612903 wall_ns=56402683645 accepted_per_s=1772.97 cycles_per_s=1974.02 peak_rss_kib=45352 checkpoints=100 telemetry=/tmp/week15_t15_repro_qualification_attempt_004/f20effb72167f78a61b97ae7032b62e377cea4e4/seed_15003_n_100000_rep_B/adaptive_repro_e0.10_a0.5_b500_seed_15003_n_100000_rep_B.json
1367661.00ns INFO     cocotb.regression                  test_adaptive_reproducibility_exact_cut passed
1367661.00ns INFO     cocotb.regression                  *******************************************************************************************************************************
                                                         ** TEST                                                                   STATUS  SIM TIME (ns)  REAL TIME (s)  RATIO (ns/s) **
                                                         *******************************************************************************************************************************
                                                         ** test_adaptive_reproducibility.test_adaptive_reproducibility_exact_cut   PASS     1367661.00          56.50      24205.89  **
                                                         *******************************************************************************************************************************
                                                         ** TESTS=1 PASS=1 FAIL=0 SKIP=0                                                     1367661.00          56.66      24139.45  **
                                                         *******************************************************************************************************************************
                                                         
- :0: Verilog $finish
make[1]: Leaving directory '/home/logan/nckh/risc-v-pipeline/research/week15/rtl'
make: Leaving directory '/home/logan/nckh/risc-v-pipeline/research/week15/rtl'
