rm -f results.xml
"make" -f research/week5/rtl/Makefile results.xml
make[1]: Entering directory '/home/logan/nckh/RISC-V-Pipeline'
rm -f results.xml
MODULE=test_throughput_baseline TESTCASE= TOPLEVEL=execution_stream_tb TOPLEVEL_LANG=verilog \
         /home/logan/nckh/RISC-V-Pipeline/sim_build/week5_execution_stream/Vtop
     -.--ns INFO     gpi                                ..mbed/gpi_embed.cpp:79   in set_program_name_in_venv        Did not detect Python virtual environment. Using system-wide Python interpreter
     -.--ns INFO     gpi                                ../gpi/GpiCommon.cpp:101  in gpi_print_registered_impl       VPI registered
     0.00ns INFO     cocotb                             Running on Verilator version 5.034 2025-02-24
     0.00ns INFO     cocotb                             Running tests with cocotb v1.9.2 from /home/logan/.local/lib/python3.10/site-packages/cocotb
     0.00ns INFO     cocotb                             Seeding Python random module with 1789838987
     0.00ns INFO     cocotb.regression                  Found test test_throughput_baseline.test_throughput_baseline
     0.00ns INFO     cocotb.regression                  running test_throughput_baseline (1/1)
1000030.00ns INFO     cocotb.execution_stream_tb         THROUGHPUT_RESULT mode=minimal cycles=100000 elapsed_s=5.660418 cycles_per_second=17666.540 checksum=0
1000030.00ns INFO     cocotb.regression                  test_throughput_baseline passed
1000030.00ns INFO     cocotb.regression                  ***********************************************************************************************************
                                                         ** TEST                                               STATUS  SIM TIME (ns)  REAL TIME (s)  RATIO (ns/s) **
                                                         ***********************************************************************************************************
                                                         ** test_throughput_baseline.test_throughput_baseline   PASS     1000030.00           5.66     176597.33  **
                                                         ***********************************************************************************************************
                                                         ** TESTS=1 PASS=1 FAIL=0 SKIP=0                                 1000030.00           5.71     175059.78  **
                                                         ***********************************************************************************************************

- :0: Verilog $finish
make[1]: Leaving directory '/home/logan/nckh/RISC-V-Pipeline'
