make: Entering directory '/home/logan/nckh/RISC-V-Pipeline/research/week4'
rm -f results.xml
"make" -f Makefile results.xml
make[1]: Entering directory '/home/logan/nckh/RISC-V-Pipeline/research/week4'
mkdir -p sim_build
/usr/local/bin/verilator -cc --exe -Mdir sim_build -DCOCOTB_SIM=1 --top-module week4_counter --timescale 1ns/1ps --vpi --public-flat-rw --prefix Vtop -o Vtop -LDFLAGS "-Wl,-rpath,/home/logan/.local/lib/python3.10/site-packages/cocotb/libs -L/home/logan/.local/lib/python3.10/site-packages/cocotb/libs -lcocotbvpi_verilator"  /home/logan/nckh/RISC-V-Pipeline/tests/week4_counter.sv /home/logan/.local/lib/python3.10/site-packages/cocotb/share/lib/verilator/verilator.cpp
- V e r i l a t i o n   R e p o r t: Verilator 5.034 2025-02-24 rev v5.034
- Verilator: Built from 0.022 MB sources in 2 modules, into 0.030 MB in 8 C++ files needing 0.000 MB
- Verilator: Walltime 0.022 s (elab=0.003, cvt=0.008, bld=0.000); cpu 0.008 s on 1 threads; alloced 9.039 MB
make -C sim_build  -f Vtop.mk
make[2]: Entering directory '/home/logan/nckh/RISC-V-Pipeline/research/week4/sim_build'
ccache g++  -I.  -MMD -I/usr/local/share/verilator/include -I/usr/local/share/verilator/include/vltstd -DVM_COVERAGE=0 -DVM_SC=0 -DVM_TIMING=0 -DVM_TRACE=0 -DVM_TRACE_FST=0 -DVM_TRACE_VCD=0 -faligned-new -fcf-protection=none -Wno-bool-operation -Wno-shadow -Wno-sign-compare -Wno-subobject-linkage -Wno-tautological-compare -Wno-uninitialized -Wno-unused-but-set-parameter -Wno-unused-but-set-variable -Wno-unused-parameter -Wno-unused-variable      -Os  -c -o verilator.o /home/logan/.local/lib/python3.10/site-packages/cocotb/share/lib/verilator/verilator.cpp
ccache g++ -Os  -I.  -MMD -I/usr/local/share/verilator/include -I/usr/local/share/verilator/include/vltstd -DVM_COVERAGE=0 -DVM_SC=0 -DVM_TIMING=0 -DVM_TRACE=0 -DVM_TRACE_FST=0 -DVM_TRACE_VCD=0 -faligned-new -fcf-protection=none -Wno-bool-operation -Wno-shadow -Wno-sign-compare -Wno-subobject-linkage -Wno-tautological-compare -Wno-uninitialized -Wno-unused-but-set-parameter -Wno-unused-but-set-variable -Wno-unused-parameter -Wno-unused-variable      -c -o verilated.o /usr/local/share/verilator/include/verilated.cpp
ccache g++ -Os  -I.  -MMD -I/usr/local/share/verilator/include -I/usr/local/share/verilator/include/vltstd -DVM_COVERAGE=0 -DVM_SC=0 -DVM_TIMING=0 -DVM_TRACE=0 -DVM_TRACE_FST=0 -DVM_TRACE_VCD=0 -faligned-new -fcf-protection=none -Wno-bool-operation -Wno-shadow -Wno-sign-compare -Wno-subobject-linkage -Wno-tautological-compare -Wno-uninitialized -Wno-unused-but-set-parameter -Wno-unused-but-set-variable -Wno-unused-parameter -Wno-unused-variable      -c -o verilated_dpi.o /usr/local/share/verilator/include/verilated_dpi.cpp
ccache g++ -Os  -I.  -MMD -I/usr/local/share/verilator/include -I/usr/local/share/verilator/include/vltstd -DVM_COVERAGE=0 -DVM_SC=0 -DVM_TIMING=0 -DVM_TRACE=0 -DVM_TRACE_FST=0 -DVM_TRACE_VCD=0 -faligned-new -fcf-protection=none -Wno-bool-operation -Wno-shadow -Wno-sign-compare -Wno-subobject-linkage -Wno-tautological-compare -Wno-uninitialized -Wno-unused-but-set-parameter -Wno-unused-but-set-variable -Wno-unused-parameter -Wno-unused-variable      -c -o verilated_vpi.o /usr/local/share/verilator/include/verilated_vpi.cpp
ccache g++ -Os  -I.  -MMD -I/usr/local/share/verilator/include -I/usr/local/share/verilator/include/vltstd -DVM_COVERAGE=0 -DVM_SC=0 -DVM_TIMING=0 -DVM_TRACE=0 -DVM_TRACE_FST=0 -DVM_TRACE_VCD=0 -faligned-new -fcf-protection=none -Wno-bool-operation -Wno-shadow -Wno-sign-compare -Wno-subobject-linkage -Wno-tautological-compare -Wno-uninitialized -Wno-unused-but-set-parameter -Wno-unused-but-set-variable -Wno-unused-parameter -Wno-unused-variable      -c -o verilated_threads.o /usr/local/share/verilator/include/verilated_threads.cpp
python3 /usr/local/share/verilator/bin/verilator_includer -DVL_INCLUDE_OPT=include Vtop.cpp Vtop___024root__DepSet_h84412442__0.cpp Vtop___024root__DepSet_heccd7ead__0.cpp Vtop__Dpi.cpp Vtop___024root__Slow.cpp Vtop___024root__DepSet_h84412442__0__Slow.cpp Vtop___024root__DepSet_heccd7ead__0__Slow.cpp Vtop__Syms.cpp > Vtop__ALL.cpp
ccache g++ -Os  -I.  -MMD -I/usr/local/share/verilator/include -I/usr/local/share/verilator/include/vltstd -DVM_COVERAGE=0 -DVM_SC=0 -DVM_TIMING=0 -DVM_TRACE=0 -DVM_TRACE_FST=0 -DVM_TRACE_VCD=0 -faligned-new -fcf-protection=none -Wno-bool-operation -Wno-shadow -Wno-sign-compare -Wno-subobject-linkage -Wno-tautological-compare -Wno-uninitialized -Wno-unused-but-set-parameter -Wno-unused-but-set-variable -Wno-unused-parameter -Wno-unused-variable      -c -o Vtop__ALL.o Vtop__ALL.cpp
echo "" > Vtop__ALL.verilator_deplist.tmp
g++    verilator.o verilated.o verilated_dpi.o verilated_vpi.o verilated_threads.o Vtop__ALL.a   -Wl,-rpath,/home/logan/.local/lib/python3.10/site-packages/cocotb/libs -L/home/logan/.local/lib/python3.10/site-packages/cocotb/libs -lcocotbvpi_verilator  -pthread -lpthread -latomic   -o Vtop
rm Vtop__ALL.verilator_deplist.tmp
make[2]: Leaving directory '/home/logan/nckh/RISC-V-Pipeline/research/week4/sim_build'
rm -f results.xml
MODULE=test_week4_timing_race TESTCASE= TOPLEVEL=week4_counter TOPLEVEL_LANG=verilog \
         sim_build/Vtop    
     -.--ns INFO     gpi                                ..mbed/gpi_embed.cpp:79   in set_program_name_in_venv        Did not detect Python virtual environment. Using system-wide Python interpreter
     -.--ns INFO     gpi                                ../gpi/GpiCommon.cpp:101  in gpi_print_registered_impl       VPI registered
     0.00ns INFO     cocotb                             Running on Verilator version 5.034 2025-02-24
     0.00ns INFO     cocotb                             Running tests with cocotb v1.9.2 from /home/logan/.local/lib/python3.10/site-packages/cocotb
     0.00ns INFO     cocotb                             Seeding Python random module with 1789555915
     0.00ns INFO     cocotb.regression                  Found test test_week4_timing_race.test_drive_at_posedge_racy
     0.00ns INFO     cocotb.regression                  Found test test_week4_timing_race.test_drive_at_fallingedge_safe
     0.00ns INFO     cocotb.regression                  Found test test_week4_timing_race.test_sample_phase
     0.00ns INFO     cocotb.regression                  running test_drive_at_posedge_racy (1/3)
                                                          Intentionally racy experiment.
                                                          
                                                          en is changed on the same rising edge on which the RTL samples en.
                                                          The observed behavior must NOT become a portable timing rule.
    50.00ns INFO     cocotb.week4_counter               RACY_POS: first=1 second=2
    50.00ns INFO     cocotb.regression                  test_drive_at_posedge_racy passed
    50.00ns INFO     cocotb.regression                  running test_drive_at_fallingedge_safe (2/3)
                                                          Safe experiment:
                                                          drive en on falling edge, sample after next rising edge + ReadOnly.
   110.00ns INFO     cocotb.week4_counter               SAFE_FALL: first=1 second=1
   110.00ns INFO     cocotb.regression                  test_drive_at_fallingedge_safe passed
   110.00ns INFO     cocotb.regression                  running test_sample_phase (3/3)
                                                          Compare immediate read after RisingEdge with settled ReadOnly value.
   160.00ns INFO     cocotb.week4_counter               SAMPLE_PHASE: immediate=0 settled=1
   160.00ns INFO     cocotb.regression                  test_sample_phase passed
   160.00ns INFO     cocotb.regression                  ***************************************************************************************************************
                                                        ** TEST                                                   STATUS  SIM TIME (ns)  REAL TIME (s)  RATIO (ns/s) **
                                                        ***************************************************************************************************************
                                                        ** test_week4_timing_race.test_drive_at_posedge_racy       PASS          50.00           0.00      44573.73  **
                                                        ** test_week4_timing_race.test_drive_at_fallingedge_safe   PASS          60.00           0.00      84083.67  **
                                                        ** test_week4_timing_race.test_sample_phase                PASS          50.00           0.00      78901.20  **
                                                        ***************************************************************************************************************
                                                        ** TESTS=3 PASS=3 FAIL=0 SKIP=0                                         160.00           0.04       3940.49  **
                                                        ***************************************************************************************************************
                                                        
-Info: /home/logan/nckh/RISC-V-Pipeline/tests/week4_counter.sv:19: $dumpvar ignored, as Verilated without --trace
- :0: Verilog $finish
make[1]: Leaving directory '/home/logan/nckh/RISC-V-Pipeline/research/week4'
make: Leaving directory '/home/logan/nckh/RISC-V-Pipeline/research/week4'
