===== WEEK15 FINAL CAMPAIGN ATTEMPT 001 =====
AUTHORITY_HEAD=086e8127101aca9a934bec77af84dc5f87160f09
BRANCH=research/week15-final-campaign-execution
WORKTREE_DIRTY_LINES=0
DRIVER_SHA256=6fea68a005d00210a3582e8320af81e2f2f59b9de1c9f4f4608089f3af7dbc33
PLAN_SHA256=1274955e6c58db3a27f779d5c02b7e0d15ab0cb8ec654f8d9fffd1d82e2d9ffc
RUN_FINISHED index=1 method=M1 seed=1001 classification=FINAL_FIXED_N_VALID rc=0
RUN_FINISHED index=2 method=M1 seed=1002 classification=FINAL_FIXED_N_VALID rc=0
RUN_FINISHED index=3 method=M1 seed=1003 classification=FINAL_FIXED_N_VALID rc=0
RUN_FINISHED index=4 method=M1 seed=1004 classification=FINAL_FIXED_N_VALID rc=0
RUN_FINISHED index=5 method=M1 seed=1005 classification=FINAL_FIXED_N_VALID rc=0
RUN_FINISHED index=6 method=M1 seed=1006 classification=FINAL_FIXED_N_VALID rc=0
RUN_FINISHED index=7 method=M1 seed=1007 classification=FINAL_FIXED_N_VALID rc=0
RUN_FINISHED index=8 method=M1 seed=1008 classification=FINAL_FIXED_N_VALID rc=0
RUN_FINISHED index=9 method=M1 seed=1009 classification=FINAL_FIXED_N_VALID rc=0
RUN_FINISHED index=10 method=M1 seed=1010 classification=FINAL_FIXED_N_VALID rc=0
RUN_FINISHED index=11 method=M1 seed=1011 classification=FINAL_FIXED_N_VALID rc=0
RUN_FINISHED index=12 method=M1 seed=1012 classification=FINAL_FIXED_N_VALID rc=0
RUN_FINISHED index=13 method=M1 seed=1013 classification=FINAL_FIXED_N_VALID rc=0
RUN_FINISHED index=14 method=M1 seed=1014 classification=FINAL_FIXED_N_VALID rc=0
RUN_FINISHED index=15 method=M1 seed=1015 classification=FINAL_FIXED_N_VALID rc=0
RUN_FINISHED index=16 method=M2 seed=2001 classification=FINAL_FIXED_N_VALID rc=0
RUN_FINISHED index=17 method=M2 seed=2002 classification=FINAL_FIXED_N_VALID rc=0
RUN_FINISHED index=18 method=M2 seed=2003 classification=FINAL_FIXED_N_VALID rc=0
RUN_FINISHED index=19 method=M2 seed=2004 classification=FINAL_FIXED_N_VALID rc=0
RUN_FINISHED index=20 method=M2 seed=2005 classification=FINAL_FIXED_N_VALID rc=0
RUN_FINISHED index=21 method=M2 seed=2006 classification=FINAL_FIXED_N_VALID rc=0
RUN_FINISHED index=22 method=M2 seed=2007 classification=FINAL_FIXED_N_VALID rc=0
RUN_FINISHED index=23 method=M2 seed=2008 classification=FINAL_FIXED_N_VALID rc=0
RUN_FINISHED index=24 method=M2 seed=2009 classification=FINAL_FIXED_N_VALID rc=0
RUN_FINISHED index=25 method=M2 seed=2010 classification=FINAL_FIXED_N_VALID rc=0
RUN_FINISHED index=26 method=M2 seed=2011 classification=FINAL_FIXED_N_VALID rc=0
RUN_FINISHED index=27 method=M2 seed=2012 classification=FINAL_FIXED_N_VALID rc=0
RUN_FINISHED index=28 method=M2 seed=2013 classification=FINAL_FIXED_N_VALID rc=0
RUN_FINISHED index=29 method=M2 seed=2014 classification=FINAL_FIXED_N_VALID rc=0
RUN_FINISHED index=30 method=M2 seed=2015 classification=FINAL_FIXED_N_VALID rc=0
RUN_FINISHED index=31 method=M3 seed=3001 classification=FINAL_FIXED_N_VALID rc=0
RUN_FINISHED index=32 method=M3 seed=3002 classification=FINAL_FIXED_N_VALID rc=0
RUN_FINISHED index=33 method=M3 seed=3003 classification=FINAL_FIXED_N_VALID rc=0
RUN_FINISHED index=34 method=M3 seed=3004 classification=FINAL_FIXED_N_VALID rc=0
RUN_FINISHED index=35 method=M3 seed=3005 classification=FINAL_FIXED_N_VALID rc=0
RUN_FINISHED index=36 method=M3 seed=3006 classification=FINAL_FIXED_N_VALID rc=0
RUN_FINISHED index=37 method=M3 seed=3007 classification=FINAL_FIXED_N_VALID rc=0
RUN_FINISHED index=38 method=M3 seed=3008 classification=FINAL_FIXED_N_VALID rc=0
RUN_FINISHED index=39 method=M3 seed=3009 classification=FINAL_FIXED_N_VALID rc=0
RUN_FINISHED index=40 method=M3 seed=3010 classification=FINAL_FIXED_N_VALID rc=0
RUN_FINISHED index=41 method=M3 seed=3011 classification=FINAL_FIXED_N_VALID rc=0
RUN_FINISHED index=42 method=M3 seed=3012 classification=FINAL_FIXED_N_VALID rc=0
RUN_FINISHED index=43 method=M3 seed=3013 classification=FINAL_FIXED_N_VALID rc=0
RUN_FINISHED index=44 method=M3 seed=3014 classification=FINAL_FIXED_N_VALID rc=0
RUN_FINISHED index=45 method=M3 seed=3015 classification=FINAL_FIXED_N_VALID rc=0
FINAL_CAMPAIGN_RUNNER_RC=0
FINAL_CAMPAIGN_DRIVER_FINISHED=YES
