{
  "contract_sha256": "e4c78ee54034e9e86cccf04eaa0a71087f309d85d7a5d0da00b70c077c068a4d",
  "fresh_process_per_run": true,
  "git_dirty": false,
  "head": "66b36f0b0ad3cba3e44d1441b9cf7f14a73c7508",
  "plan": [
    {
      "accepted_budget": 10000,
      "repetition": "A",
      "seed": 15001
    },
    {
      "accepted_budget": 10000,
      "repetition": "B",
      "seed": 15001
    },
    {
      "accepted_budget": 10000,
      "repetition": "A",
      "seed": 15002
    },
    {
      "accepted_budget": 10000,
      "repetition": "B",
      "seed": 15002
    },
    {
      "accepted_budget": 100000,
      "repetition": "A",
      "seed": 15003
    },
    {
      "accepted_budget": 100000,
      "repetition": "B",
      "seed": 15003
    }
  ]
}
Traceback (most recent call last):
  File "/home/logan/nckh/risc-v-pipeline/research/week15/reproducibility/run_reproducibility.py", line 742, in <module>
    sys.exit(main())
  File "/home/logan/nckh/risc-v-pipeline/research/week15/reproducibility/run_reproducibility.py", line 592, in main
    result_path = run_one(
  File "/home/logan/nckh/risc-v-pipeline/research/week15/reproducibility/run_reproducibility.py", line 453, in run_one
    raise RuntimeError(
RuntimeError: qualification process produced no result artifact; returncode=0, log=/tmp/week15_t15_repro_qualification_attempt_003/66b36f0b0ad3cba3e44d1441b9cf7f14a73c7508/seed_15003_n_100000_rep_A/simulator.log
